Group ID|Artifact ID|Version ID|s|Project Homepage|License|License2|Synopsis|Purpose|Project Homepage|Installed seperately|License|License-URL|kind of Eclipse dependency|needed for IPP RAD|"use of ""plain vanilla"" binary from 3rd party project"|CQ #|approved|package name|action|Does it contains internal encryption or is capable of calling to external encryption?|Contains Encryption Algorithms?|IPP Uses This Encryption?|Encryption accessible/modifiable/usable by the End User|ECCN|ECCN Reference Site|Comment
org.apache.geronimo.specs|geronimo-jms_1.1_spec|1.1.1|||||||||Apache 2.0|http://www.apache.org/licenses/LICENSE-2.0|||||||||||||||org.eclipse.stardust.engine.carnot-base-report.txt
org.slf4j|slf4j-log4j12|1.5.11||http://www.slf4j.org|||||||Apache 2.0||||||||||||||||org.eclipse.stardust.engine.logging-slf4j-log4j-module-report.txt
