Group ID|Artifact ID|Type|Classifier|Version ID|ProjectList
commons-collections|commons-collections|3.2-eclipse01||org.eclipse.stardust.engine.carnot-base-report.txt
commons-jxpath|commons-jxpath|1.3-eclipse01||org.eclipse.stardust.engine.carnot-base-report.txt
javax.activation|activation|1.1-eclipse01||org.eclipse.stardust.engine.carnot-base-report.txt
javax.mail|mail|1.4-eclipse01||org.eclipse.stardust.engine.carnot-base-report.txt
junit|junit|4.11-eclipse01||org.eclipse.stardust.engine.carnot-base-report.txt
log4j|log4j|1.2.15-eclipse01||org.eclipse.stardust.engine.carnot-base-report.txt
org.hamcrest|hamcrest-core|1.3-eclipse01||org.eclipse.stardust.engine.carnot-base-report.txt
org.slf4j|slf4j-api|1.5.11-eclipse01||org.eclipse.stardust.engine.logging-slf4j-log4j-module-report.txt
